14:54:20 **** Incremental Build of configuration Debug for project garland ****
make -j12 all 
arm-none-eabi-gcc "../Core/Src/main.c" -mcpu=cortex-m4 -std=gnu11 -g3 -DDEBUG -DUSE_HAL_DRIVER -DSTM32F427xx -c -I../Core/Inc -I../Drivers/STM32F4xx_HAL_Driver/Inc -I../Drivers/STM32F4xx_HAL_Driver/Inc/Legacy -I../Drivers/CMSIS/Device/ST/STM32F4xx/Include -I../Drivers/CMSIS/Include -O0 -ffunction-sections -fdata-sections -Wall -fstack-usage -MMD -MP -MF"Core/Src/main.d" -MT"Core/Src/main.o" --specs=nano.specs -mfpu=fpv4-sp-d16 -mfloat-abi=hard -mthumb -o "Core/Src/main.o"
arm-none-eabi-gcc -o "garland.elf" @"objects.list"   -mcpu=cortex-m4 -T"D:\ITMO\year4\midterm1\STM32\lab1\garland\STM32F427VITX_FLASH.ld" --specs=nosys.specs -Wl,-Map="garland.map" -Wl,--gc-sections -static --specs=nano.specs -mfpu=fpv4-sp-d16 -mfloat-abi=hard -mthumb -Wl,--start-group -lc -lm -Wl,--end-group
Finished building target: garland.elf
 
arm-none-eabi-size   garland.elf 
arm-none-eabi-objdump -h -S  garland.elf  > "garland.list"
   text	   data	    bss	    dec	    hex	filename
   6556	     84	   1580	   8220	   201c	garland.elf
Finished building: default.size.stdout
 
Finished building: garland.list
 
14:54:30 **** Incremental Build of configuration Debug for project garland ****
make -j12 all 
arm-none-eabi-size   garland.elf 
   text	   data	    bss	    dec	    hex	filename
   6556	     84	   1580	   8220	   201c	garland.elf
Finished building: default.size.stdout
 
